// Jest Snapshot v1, https://goo.gl/fbAQLP

exports[`test <Ebc /> component should match snapshot 1`] = `
<fieldset
  className="ebcField"
>
  <legend
    className="ebcLegend"
  >
    Color Units Ebc
  </legend>
  <div
    className="ebcInner"
  >
    <label
      className="ebcLabelMore"
      htmlFor="ebcMore"
    >
      <span
        className="textMore"
      >
        more than
      </span>
      <input
        className="ebcInputMore"
        id="ebcMore"
        name="ebcMore"
        onChange={[Function]}
        type="number"
        value="30"
      />
    </label>
    <label
      className="ebcLabelLess"
      htmlFor="ebcLess"
    >
      <span
        className="textLess"
      >
        less than
      </span>
      <input
        className="ebcInputLess"
        id="ebcLess"
        name="ebcLess"
        onChange={[Function]}
        type="number"
        value="20"
      />
    </label>
  </div>
</fieldset>
`;
