// Jest Snapshot v1, https://goo.gl/fbAQLP

exports[`Test <PopularBeer /> component should match snapshot 1`] = `
<section
  className="popular"
>
  <h2
    className="visually-hidden"
  >
    Popular Beer
  </h2>
  <LoadStatusSwitcher
    DataComponent={[Function]}
    ErrorComponent={[Function]}
    LoadingComponent={[Function]}
    isError={false}
    isLoaded={false}
    isLoading={false}
  />
</section>
`;
