// Jest Snapshot v1, https://goo.gl/fbAQLP

exports[`Test <Roulette/> component should correct render component 1`] = `
<div
  className="wrapper"
>
  <ListGroup
    className="window"
    tag="ul"
  >
    <div
      className="pointer"
    />
    <div
      className="firstRow"
      style={
        Object {
          "transform": "translateX(20px)",
        }
      }
    >
      <ListGroupItem
        className="cell"
        key="1"
      >
        <TestComp
          id={1}
        />
      </ListGroupItem>
      <ListGroupItem
        className="cell"
        key="2"
      >
        <TestComp
          id={2}
        />
      </ListGroupItem>
      <ListGroupItem
        className="cell"
        key="3"
      >
        <TestComp
          id={3}
        />
      </ListGroupItem>
      <ListGroupItem
        className="cell"
        key="4"
      >
        <TestComp
          id={4}
        />
      </ListGroupItem>
      <ListGroupItem
        className="cell"
        key="5"
      >
        <TestComp
          id={5}
        />
      </ListGroupItem>
      <ListGroupItem
        className="cell"
        key="6"
      >
        <TestComp
          id={6}
        />
      </ListGroupItem>
    </div>
    <div
      className="secondRow"
      style={
        Object {
          "transform": "translateX(400px)",
        }
      }
    >
      <ListGroupItem
        className="cell"
        key="7"
      >
        <TestComp
          id={7}
        />
      </ListGroupItem>
      <ListGroupItem
        className="cell"
        key="8"
      >
        <TestComp
          id={8}
        />
      </ListGroupItem>
      <ListGroupItem
        className="cell"
        key="9"
      >
        <TestComp
          id={9}
        />
      </ListGroupItem>
      <ListGroupItem
        className="cell"
        key="10"
      >
        <TestComp
          id={10}
        />
      </ListGroupItem>
      <ListGroupItem
        className="cell"
        key="11"
      >
        <TestComp
          id={11}
        />
      </ListGroupItem>
      <ListGroupItem
        className="cell"
        key="12"
      >
        <TestComp
          id={12}
        />
      </ListGroupItem>
    </div>
  </ListGroup>
  <div
    className="controls"
  >
    <button
      className="startButton"
      onClick={[Function]}
      type="button"
    >
      Spin
    </button>
    <button
      className="changeButton"
      onClick={[MockFunction]}
      type="button"
    >
      Change
    </button>
  </div>
</div>
`;
