// Jest Snapshot v1, https://goo.gl/fbAQLP

exports[`test <FavoriteCatalog /> component Should correct render 1st page  should match snapshot 1`] = `
<Fragment>
  <ProductList
    ProductCard={[Function]}
    data={
      Immutable.List [
        Immutable.BeerDataRecord {
          "id": 0,
          "name": null,
          "tagline": null,
          "first_brewed": null,
          "description": null,
          "image_url": null,
          "abv": null,
          "ibu": null,
          "target_fg": null,
          "target_og": null,
          "ebc": null,
          "srm": null,
          "ph": null,
          "attenuation_level": null,
          "volume": Object {},
          "boil_volume": Object {},
          "method": Object {},
          "ingredients": Object {},
          "food_pairing": Array [],
          "brewers_tips": null,
          "contributed_by": null,
        },
        Immutable.BeerDataRecord {
          "id": 32,
          "name": null,
          "tagline": null,
          "first_brewed": null,
          "description": null,
          "image_url": null,
          "abv": null,
          "ibu": null,
          "target_fg": null,
          "target_og": null,
          "ebc": null,
          "srm": null,
          "ph": null,
          "attenuation_level": null,
          "volume": Object {},
          "boil_volume": Object {},
          "method": Object {},
          "ingredients": Object {},
          "food_pairing": Array [],
          "brewers_tips": null,
          "contributed_by": null,
        },
        Immutable.BeerDataRecord {
          "id": 1,
          "name": null,
          "tagline": null,
          "first_brewed": null,
          "description": null,
          "image_url": null,
          "abv": null,
          "ibu": null,
          "target_fg": null,
          "target_og": null,
          "ebc": null,
          "srm": null,
          "ph": null,
          "attenuation_level": null,
          "volume": Object {},
          "boil_volume": Object {},
          "method": Object {},
          "ingredients": Object {},
          "food_pairing": Array [],
          "brewers_tips": null,
          "contributed_by": null,
        },
        Immutable.BeerDataRecord {
          "id": 33,
          "name": null,
          "tagline": null,
          "first_brewed": null,
          "description": null,
          "image_url": null,
          "abv": null,
          "ibu": null,
          "target_fg": null,
          "target_og": null,
          "ebc": null,
          "srm": null,
          "ph": null,
          "attenuation_level": null,
          "volume": Object {},
          "boil_volume": Object {},
          "method": Object {},
          "ingredients": Object {},
          "food_pairing": Array [],
          "brewers_tips": null,
          "contributed_by": null,
        },
        Immutable.BeerDataRecord {
          "id": 2,
          "name": null,
          "tagline": null,
          "first_brewed": null,
          "description": null,
          "image_url": null,
          "abv": null,
          "ibu": null,
          "target_fg": null,
          "target_og": null,
          "ebc": null,
          "srm": null,
          "ph": null,
          "attenuation_level": null,
          "volume": Object {},
          "boil_volume": Object {},
          "method": Object {},
          "ingredients": Object {},
          "food_pairing": Array [],
          "brewers_tips": null,
          "contributed_by": null,
        },
        Immutable.BeerDataRecord {
          "id": 34,
          "name": null,
          "tagline": null,
          "first_brewed": null,
          "description": null,
          "image_url": null,
          "abv": null,
          "ibu": null,
          "target_fg": null,
          "target_og": null,
          "ebc": null,
          "srm": null,
          "ph": null,
          "attenuation_level": null,
          "volume": Object {},
          "boil_volume": Object {},
          "method": Object {},
          "ingredients": Object {},
          "food_pairing": Array [],
          "brewers_tips": null,
          "contributed_by": null,
        },
        Immutable.BeerDataRecord {
          "id": 3,
          "name": null,
          "tagline": null,
          "first_brewed": null,
          "description": null,
          "image_url": null,
          "abv": null,
          "ibu": null,
          "target_fg": null,
          "target_og": null,
          "ebc": null,
          "srm": null,
          "ph": null,
          "attenuation_level": null,
          "volume": Object {},
          "boil_volume": Object {},
          "method": Object {},
          "ingredients": Object {},
          "food_pairing": Array [],
          "brewers_tips": null,
          "contributed_by": null,
        },
        Immutable.BeerDataRecord {
          "id": 35,
          "name": null,
          "tagline": null,
          "first_brewed": null,
          "description": null,
          "image_url": null,
          "abv": null,
          "ibu": null,
          "target_fg": null,
          "target_og": null,
          "ebc": null,
          "srm": null,
          "ph": null,
          "attenuation_level": null,
          "volume": Object {},
          "boil_volume": Object {},
          "method": Object {},
          "ingredients": Object {},
          "food_pairing": Array [],
          "brewers_tips": null,
          "contributed_by": null,
        },
        Immutable.BeerDataRecord {
          "id": 4,
          "name": null,
          "tagline": null,
          "first_brewed": null,
          "description": null,
          "image_url": null,
          "abv": null,
          "ibu": null,
          "target_fg": null,
          "target_og": null,
          "ebc": null,
          "srm": null,
          "ph": null,
          "attenuation_level": null,
          "volume": Object {},
          "boil_volume": Object {},
          "method": Object {},
          "ingredients": Object {},
          "food_pairing": Array [],
          "brewers_tips": null,
          "contributed_by": null,
        },
        Immutable.BeerDataRecord {
          "id": 36,
          "name": null,
          "tagline": null,
          "first_brewed": null,
          "description": null,
          "image_url": null,
          "abv": null,
          "ibu": null,
          "target_fg": null,
          "target_og": null,
          "ebc": null,
          "srm": null,
          "ph": null,
          "attenuation_level": null,
          "volume": Object {},
          "boil_volume": Object {},
          "method": Object {},
          "ingredients": Object {},
          "food_pairing": Array [],
          "brewers_tips": null,
          "contributed_by": null,
        },
        Immutable.BeerDataRecord {
          "id": 5,
          "name": null,
          "tagline": null,
          "first_brewed": null,
          "description": null,
          "image_url": null,
          "abv": null,
          "ibu": null,
          "target_fg": null,
          "target_og": null,
          "ebc": null,
          "srm": null,
          "ph": null,
          "attenuation_level": null,
          "volume": Object {},
          "boil_volume": Object {},
          "method": Object {},
          "ingredients": Object {},
          "food_pairing": Array [],
          "brewers_tips": null,
          "contributed_by": null,
        },
        Immutable.BeerDataRecord {
          "id": 37,
          "name": null,
          "tagline": null,
          "first_brewed": null,
          "description": null,
          "image_url": null,
          "abv": null,
          "ibu": null,
          "target_fg": null,
          "target_og": null,
          "ebc": null,
          "srm": null,
          "ph": null,
          "attenuation_level": null,
          "volume": Object {},
          "boil_volume": Object {},
          "method": Object {},
          "ingredients": Object {},
          "food_pairing": Array [],
          "brewers_tips": null,
          "contributed_by": null,
        },
        Immutable.BeerDataRecord {
          "id": 6,
          "name": null,
          "tagline": null,
          "first_brewed": null,
          "description": null,
          "image_url": null,
          "abv": null,
          "ibu": null,
          "target_fg": null,
          "target_og": null,
          "ebc": null,
          "srm": null,
          "ph": null,
          "attenuation_level": null,
          "volume": Object {},
          "boil_volume": Object {},
          "method": Object {},
          "ingredients": Object {},
          "food_pairing": Array [],
          "brewers_tips": null,
          "contributed_by": null,
        },
        Immutable.BeerDataRecord {
          "id": 38,
          "name": null,
          "tagline": null,
          "first_brewed": null,
          "description": null,
          "image_url": null,
          "abv": null,
          "ibu": null,
          "target_fg": null,
          "target_og": null,
          "ebc": null,
          "srm": null,
          "ph": null,
          "attenuation_level": null,
          "volume": Object {},
          "boil_volume": Object {},
          "method": Object {},
          "ingredients": Object {},
          "food_pairing": Array [],
          "brewers_tips": null,
          "contributed_by": null,
        },
        Immutable.BeerDataRecord {
          "id": 7,
          "name": null,
          "tagline": null,
          "first_brewed": null,
          "description": null,
          "image_url": null,
          "abv": null,
          "ibu": null,
          "target_fg": null,
          "target_og": null,
          "ebc": null,
          "srm": null,
          "ph": null,
          "attenuation_level": null,
          "volume": Object {},
          "boil_volume": Object {},
          "method": Object {},
          "ingredients": Object {},
          "food_pairing": Array [],
          "brewers_tips": null,
          "contributed_by": null,
        },
        Immutable.BeerDataRecord {
          "id": 39,
          "name": null,
          "tagline": null,
          "first_brewed": null,
          "description": null,
          "image_url": null,
          "abv": null,
          "ibu": null,
          "target_fg": null,
          "target_og": null,
          "ebc": null,
          "srm": null,
          "ph": null,
          "attenuation_level": null,
          "volume": Object {},
          "boil_volume": Object {},
          "method": Object {},
          "ingredients": Object {},
          "food_pairing": Array [],
          "brewers_tips": null,
          "contributed_by": null,
        },
        Immutable.BeerDataRecord {
          "id": 8,
          "name": null,
          "tagline": null,
          "first_brewed": null,
          "description": null,
          "image_url": null,
          "abv": null,
          "ibu": null,
          "target_fg": null,
          "target_og": null,
          "ebc": null,
          "srm": null,
          "ph": null,
          "attenuation_level": null,
          "volume": Object {},
          "boil_volume": Object {},
          "method": Object {},
          "ingredients": Object {},
          "food_pairing": Array [],
          "brewers_tips": null,
          "contributed_by": null,
        },
        Immutable.BeerDataRecord {
          "id": 40,
          "name": null,
          "tagline": null,
          "first_brewed": null,
          "description": null,
          "image_url": null,
          "abv": null,
          "ibu": null,
          "target_fg": null,
          "target_og": null,
          "ebc": null,
          "srm": null,
          "ph": null,
          "attenuation_level": null,
          "volume": Object {},
          "boil_volume": Object {},
          "method": Object {},
          "ingredients": Object {},
          "food_pairing": Array [],
          "brewers_tips": null,
          "contributed_by": null,
        },
        Immutable.BeerDataRecord {
          "id": 9,
          "name": null,
          "tagline": null,
          "first_brewed": null,
          "description": null,
          "image_url": null,
          "abv": null,
          "ibu": null,
          "target_fg": null,
          "target_og": null,
          "ebc": null,
          "srm": null,
          "ph": null,
          "attenuation_level": null,
          "volume": Object {},
          "boil_volume": Object {},
          "method": Object {},
          "ingredients": Object {},
          "food_pairing": Array [],
          "brewers_tips": null,
          "contributed_by": null,
        },
        Immutable.BeerDataRecord {
          "id": 41,
          "name": null,
          "tagline": null,
          "first_brewed": null,
          "description": null,
          "image_url": null,
          "abv": null,
          "ibu": null,
          "target_fg": null,
          "target_og": null,
          "ebc": null,
          "srm": null,
          "ph": null,
          "attenuation_level": null,
          "volume": Object {},
          "boil_volume": Object {},
          "method": Object {},
          "ingredients": Object {},
          "food_pairing": Array [],
          "brewers_tips": null,
          "contributed_by": null,
        },
        Immutable.BeerDataRecord {
          "id": 10,
          "name": null,
          "tagline": null,
          "first_brewed": null,
          "description": null,
          "image_url": null,
          "abv": null,
          "ibu": null,
          "target_fg": null,
          "target_og": null,
          "ebc": null,
          "srm": null,
          "ph": null,
          "attenuation_level": null,
          "volume": Object {},
          "boil_volume": Object {},
          "method": Object {},
          "ingredients": Object {},
          "food_pairing": Array [],
          "brewers_tips": null,
          "contributed_by": null,
        },
        Immutable.BeerDataRecord {
          "id": 42,
          "name": null,
          "tagline": null,
          "first_brewed": null,
          "description": null,
          "image_url": null,
          "abv": null,
          "ibu": null,
          "target_fg": null,
          "target_og": null,
          "ebc": null,
          "srm": null,
          "ph": null,
          "attenuation_level": null,
          "volume": Object {},
          "boil_volume": Object {},
          "method": Object {},
          "ingredients": Object {},
          "food_pairing": Array [],
          "brewers_tips": null,
          "contributed_by": null,
        },
        Immutable.BeerDataRecord {
          "id": 11,
          "name": null,
          "tagline": null,
          "first_brewed": null,
          "description": null,
          "image_url": null,
          "abv": null,
          "ibu": null,
          "target_fg": null,
          "target_og": null,
          "ebc": null,
          "srm": null,
          "ph": null,
          "attenuation_level": null,
          "volume": Object {},
          "boil_volume": Object {},
          "method": Object {},
          "ingredients": Object {},
          "food_pairing": Array [],
          "brewers_tips": null,
          "contributed_by": null,
        },
        Immutable.BeerDataRecord {
          "id": 43,
          "name": null,
          "tagline": null,
          "first_brewed": null,
          "description": null,
          "image_url": null,
          "abv": null,
          "ibu": null,
          "target_fg": null,
          "target_og": null,
          "ebc": null,
          "srm": null,
          "ph": null,
          "attenuation_level": null,
          "volume": Object {},
          "boil_volume": Object {},
          "method": Object {},
          "ingredients": Object {},
          "food_pairing": Array [],
          "brewers_tips": null,
          "contributed_by": null,
        },
      ]
    }
  />
  <FavoritePagination
    isNextDisabled={false}
    isPrevDisabled={true}
    onUserClick={[Function]}
  />
</Fragment>
`;

exports[`test <FavoriteCatalog /> component Should correct render 2nd page  should match snapshot 1`] = `
<Fragment>
  <ProductList
    ProductCard={[Function]}
    data={
      Immutable.List [
        Immutable.BeerDataRecord {
          "id": 12,
          "name": null,
          "tagline": null,
          "first_brewed": null,
          "description": null,
          "image_url": null,
          "abv": null,
          "ibu": null,
          "target_fg": null,
          "target_og": null,
          "ebc": null,
          "srm": null,
          "ph": null,
          "attenuation_level": null,
          "volume": Object {},
          "boil_volume": Object {},
          "method": Object {},
          "ingredients": Object {},
          "food_pairing": Array [],
          "brewers_tips": null,
          "contributed_by": null,
        },
        Immutable.BeerDataRecord {
          "id": 44,
          "name": null,
          "tagline": null,
          "first_brewed": null,
          "description": null,
          "image_url": null,
          "abv": null,
          "ibu": null,
          "target_fg": null,
          "target_og": null,
          "ebc": null,
          "srm": null,
          "ph": null,
          "attenuation_level": null,
          "volume": Object {},
          "boil_volume": Object {},
          "method": Object {},
          "ingredients": Object {},
          "food_pairing": Array [],
          "brewers_tips": null,
          "contributed_by": null,
        },
        Immutable.BeerDataRecord {
          "id": 13,
          "name": null,
          "tagline": null,
          "first_brewed": null,
          "description": null,
          "image_url": null,
          "abv": null,
          "ibu": null,
          "target_fg": null,
          "target_og": null,
          "ebc": null,
          "srm": null,
          "ph": null,
          "attenuation_level": null,
          "volume": Object {},
          "boil_volume": Object {},
          "method": Object {},
          "ingredients": Object {},
          "food_pairing": Array [],
          "brewers_tips": null,
          "contributed_by": null,
        },
        Immutable.BeerDataRecord {
          "id": 45,
          "name": null,
          "tagline": null,
          "first_brewed": null,
          "description": null,
          "image_url": null,
          "abv": null,
          "ibu": null,
          "target_fg": null,
          "target_og": null,
          "ebc": null,
          "srm": null,
          "ph": null,
          "attenuation_level": null,
          "volume": Object {},
          "boil_volume": Object {},
          "method": Object {},
          "ingredients": Object {},
          "food_pairing": Array [],
          "brewers_tips": null,
          "contributed_by": null,
        },
        Immutable.BeerDataRecord {
          "id": 14,
          "name": null,
          "tagline": null,
          "first_brewed": null,
          "description": null,
          "image_url": null,
          "abv": null,
          "ibu": null,
          "target_fg": null,
          "target_og": null,
          "ebc": null,
          "srm": null,
          "ph": null,
          "attenuation_level": null,
          "volume": Object {},
          "boil_volume": Object {},
          "method": Object {},
          "ingredients": Object {},
          "food_pairing": Array [],
          "brewers_tips": null,
          "contributed_by": null,
        },
        Immutable.BeerDataRecord {
          "id": 46,
          "name": null,
          "tagline": null,
          "first_brewed": null,
          "description": null,
          "image_url": null,
          "abv": null,
          "ibu": null,
          "target_fg": null,
          "target_og": null,
          "ebc": null,
          "srm": null,
          "ph": null,
          "attenuation_level": null,
          "volume": Object {},
          "boil_volume": Object {},
          "method": Object {},
          "ingredients": Object {},
          "food_pairing": Array [],
          "brewers_tips": null,
          "contributed_by": null,
        },
        Immutable.BeerDataRecord {
          "id": 15,
          "name": null,
          "tagline": null,
          "first_brewed": null,
          "description": null,
          "image_url": null,
          "abv": null,
          "ibu": null,
          "target_fg": null,
          "target_og": null,
          "ebc": null,
          "srm": null,
          "ph": null,
          "attenuation_level": null,
          "volume": Object {},
          "boil_volume": Object {},
          "method": Object {},
          "ingredients": Object {},
          "food_pairing": Array [],
          "brewers_tips": null,
          "contributed_by": null,
        },
        Immutable.BeerDataRecord {
          "id": 47,
          "name": null,
          "tagline": null,
          "first_brewed": null,
          "description": null,
          "image_url": null,
          "abv": null,
          "ibu": null,
          "target_fg": null,
          "target_og": null,
          "ebc": null,
          "srm": null,
          "ph": null,
          "attenuation_level": null,
          "volume": Object {},
          "boil_volume": Object {},
          "method": Object {},
          "ingredients": Object {},
          "food_pairing": Array [],
          "brewers_tips": null,
          "contributed_by": null,
        },
        Immutable.BeerDataRecord {
          "id": 16,
          "name": null,
          "tagline": null,
          "first_brewed": null,
          "description": null,
          "image_url": null,
          "abv": null,
          "ibu": null,
          "target_fg": null,
          "target_og": null,
          "ebc": null,
          "srm": null,
          "ph": null,
          "attenuation_level": null,
          "volume": Object {},
          "boil_volume": Object {},
          "method": Object {},
          "ingredients": Object {},
          "food_pairing": Array [],
          "brewers_tips": null,
          "contributed_by": null,
        },
        Immutable.BeerDataRecord {
          "id": 48,
          "name": null,
          "tagline": null,
          "first_brewed": null,
          "description": null,
          "image_url": null,
          "abv": null,
          "ibu": null,
          "target_fg": null,
          "target_og": null,
          "ebc": null,
          "srm": null,
          "ph": null,
          "attenuation_level": null,
          "volume": Object {},
          "boil_volume": Object {},
          "method": Object {},
          "ingredients": Object {},
          "food_pairing": Array [],
          "brewers_tips": null,
          "contributed_by": null,
        },
        Immutable.BeerDataRecord {
          "id": 17,
          "name": null,
          "tagline": null,
          "first_brewed": null,
          "description": null,
          "image_url": null,
          "abv": null,
          "ibu": null,
          "target_fg": null,
          "target_og": null,
          "ebc": null,
          "srm": null,
          "ph": null,
          "attenuation_level": null,
          "volume": Object {},
          "boil_volume": Object {},
          "method": Object {},
          "ingredients": Object {},
          "food_pairing": Array [],
          "brewers_tips": null,
          "contributed_by": null,
        },
        Immutable.BeerDataRecord {
          "id": 49,
          "name": null,
          "tagline": null,
          "first_brewed": null,
          "description": null,
          "image_url": null,
          "abv": null,
          "ibu": null,
          "target_fg": null,
          "target_og": null,
          "ebc": null,
          "srm": null,
          "ph": null,
          "attenuation_level": null,
          "volume": Object {},
          "boil_volume": Object {},
          "method": Object {},
          "ingredients": Object {},
          "food_pairing": Array [],
          "brewers_tips": null,
          "contributed_by": null,
        },
        Immutable.BeerDataRecord {
          "id": 18,
          "name": null,
          "tagline": null,
          "first_brewed": null,
          "description": null,
          "image_url": null,
          "abv": null,
          "ibu": null,
          "target_fg": null,
          "target_og": null,
          "ebc": null,
          "srm": null,
          "ph": null,
          "attenuation_level": null,
          "volume": Object {},
          "boil_volume": Object {},
          "method": Object {},
          "ingredients": Object {},
          "food_pairing": Array [],
          "brewers_tips": null,
          "contributed_by": null,
        },
        Immutable.BeerDataRecord {
          "id": 50,
          "name": null,
          "tagline": null,
          "first_brewed": null,
          "description": null,
          "image_url": null,
          "abv": null,
          "ibu": null,
          "target_fg": null,
          "target_og": null,
          "ebc": null,
          "srm": null,
          "ph": null,
          "attenuation_level": null,
          "volume": Object {},
          "boil_volume": Object {},
          "method": Object {},
          "ingredients": Object {},
          "food_pairing": Array [],
          "brewers_tips": null,
          "contributed_by": null,
        },
        Immutable.BeerDataRecord {
          "id": 19,
          "name": null,
          "tagline": null,
          "first_brewed": null,
          "description": null,
          "image_url": null,
          "abv": null,
          "ibu": null,
          "target_fg": null,
          "target_og": null,
          "ebc": null,
          "srm": null,
          "ph": null,
          "attenuation_level": null,
          "volume": Object {},
          "boil_volume": Object {},
          "method": Object {},
          "ingredients": Object {},
          "food_pairing": Array [],
          "brewers_tips": null,
          "contributed_by": null,
        },
        Immutable.BeerDataRecord {
          "id": 51,
          "name": null,
          "tagline": null,
          "first_brewed": null,
          "description": null,
          "image_url": null,
          "abv": null,
          "ibu": null,
          "target_fg": null,
          "target_og": null,
          "ebc": null,
          "srm": null,
          "ph": null,
          "attenuation_level": null,
          "volume": Object {},
          "boil_volume": Object {},
          "method": Object {},
          "ingredients": Object {},
          "food_pairing": Array [],
          "brewers_tips": null,
          "contributed_by": null,
        },
        Immutable.BeerDataRecord {
          "id": 20,
          "name": null,
          "tagline": null,
          "first_brewed": null,
          "description": null,
          "image_url": null,
          "abv": null,
          "ibu": null,
          "target_fg": null,
          "target_og": null,
          "ebc": null,
          "srm": null,
          "ph": null,
          "attenuation_level": null,
          "volume": Object {},
          "boil_volume": Object {},
          "method": Object {},
          "ingredients": Object {},
          "food_pairing": Array [],
          "brewers_tips": null,
          "contributed_by": null,
        },
        Immutable.BeerDataRecord {
          "id": 21,
          "name": null,
          "tagline": null,
          "first_brewed": null,
          "description": null,
          "image_url": null,
          "abv": null,
          "ibu": null,
          "target_fg": null,
          "target_og": null,
          "ebc": null,
          "srm": null,
          "ph": null,
          "attenuation_level": null,
          "volume": Object {},
          "boil_volume": Object {},
          "method": Object {},
          "ingredients": Object {},
          "food_pairing": Array [],
          "brewers_tips": null,
          "contributed_by": null,
        },
        Immutable.BeerDataRecord {
          "id": 22,
          "name": null,
          "tagline": null,
          "first_brewed": null,
          "description": null,
          "image_url": null,
          "abv": null,
          "ibu": null,
          "target_fg": null,
          "target_og": null,
          "ebc": null,
          "srm": null,
          "ph": null,
          "attenuation_level": null,
          "volume": Object {},
          "boil_volume": Object {},
          "method": Object {},
          "ingredients": Object {},
          "food_pairing": Array [],
          "brewers_tips": null,
          "contributed_by": null,
        },
        Immutable.BeerDataRecord {
          "id": 23,
          "name": null,
          "tagline": null,
          "first_brewed": null,
          "description": null,
          "image_url": null,
          "abv": null,
          "ibu": null,
          "target_fg": null,
          "target_og": null,
          "ebc": null,
          "srm": null,
          "ph": null,
          "attenuation_level": null,
          "volume": Object {},
          "boil_volume": Object {},
          "method": Object {},
          "ingredients": Object {},
          "food_pairing": Array [],
          "brewers_tips": null,
          "contributed_by": null,
        },
        Immutable.BeerDataRecord {
          "id": 24,
          "name": null,
          "tagline": null,
          "first_brewed": null,
          "description": null,
          "image_url": null,
          "abv": null,
          "ibu": null,
          "target_fg": null,
          "target_og": null,
          "ebc": null,
          "srm": null,
          "ph": null,
          "attenuation_level": null,
          "volume": Object {},
          "boil_volume": Object {},
          "method": Object {},
          "ingredients": Object {},
          "food_pairing": Array [],
          "brewers_tips": null,
          "contributed_by": null,
        },
        Immutable.BeerDataRecord {
          "id": 25,
          "name": null,
          "tagline": null,
          "first_brewed": null,
          "description": null,
          "image_url": null,
          "abv": null,
          "ibu": null,
          "target_fg": null,
          "target_og": null,
          "ebc": null,
          "srm": null,
          "ph": null,
          "attenuation_level": null,
          "volume": Object {},
          "boil_volume": Object {},
          "method": Object {},
          "ingredients": Object {},
          "food_pairing": Array [],
          "brewers_tips": null,
          "contributed_by": null,
        },
        Immutable.BeerDataRecord {
          "id": 26,
          "name": null,
          "tagline": null,
          "first_brewed": null,
          "description": null,
          "image_url": null,
          "abv": null,
          "ibu": null,
          "target_fg": null,
          "target_og": null,
          "ebc": null,
          "srm": null,
          "ph": null,
          "attenuation_level": null,
          "volume": Object {},
          "boil_volume": Object {},
          "method": Object {},
          "ingredients": Object {},
          "food_pairing": Array [],
          "brewers_tips": null,
          "contributed_by": null,
        },
        Immutable.BeerDataRecord {
          "id": 27,
          "name": null,
          "tagline": null,
          "first_brewed": null,
          "description": null,
          "image_url": null,
          "abv": null,
          "ibu": null,
          "target_fg": null,
          "target_og": null,
          "ebc": null,
          "srm": null,
          "ph": null,
          "attenuation_level": null,
          "volume": Object {},
          "boil_volume": Object {},
          "method": Object {},
          "ingredients": Object {},
          "food_pairing": Array [],
          "brewers_tips": null,
          "contributed_by": null,
        },
      ]
    }
  />
  <FavoritePagination
    isNextDisabled={false}
    isPrevDisabled={false}
    onUserClick={[Function]}
  />
</Fragment>
`;

exports[`test <FavoriteCatalog /> component Should correct render 3rd page  should match snapshot 1`] = `
<Fragment>
  <ProductList
    ProductCard={[Function]}
    data={
      Immutable.List [
        Immutable.BeerDataRecord {
          "id": 28,
          "name": null,
          "tagline": null,
          "first_brewed": null,
          "description": null,
          "image_url": null,
          "abv": null,
          "ibu": null,
          "target_fg": null,
          "target_og": null,
          "ebc": null,
          "srm": null,
          "ph": null,
          "attenuation_level": null,
          "volume": Object {},
          "boil_volume": Object {},
          "method": Object {},
          "ingredients": Object {},
          "food_pairing": Array [],
          "brewers_tips": null,
          "contributed_by": null,
        },
        Immutable.BeerDataRecord {
          "id": 29,
          "name": null,
          "tagline": null,
          "first_brewed": null,
          "description": null,
          "image_url": null,
          "abv": null,
          "ibu": null,
          "target_fg": null,
          "target_og": null,
          "ebc": null,
          "srm": null,
          "ph": null,
          "attenuation_level": null,
          "volume": Object {},
          "boil_volume": Object {},
          "method": Object {},
          "ingredients": Object {},
          "food_pairing": Array [],
          "brewers_tips": null,
          "contributed_by": null,
        },
        Immutable.BeerDataRecord {
          "id": 30,
          "name": null,
          "tagline": null,
          "first_brewed": null,
          "description": null,
          "image_url": null,
          "abv": null,
          "ibu": null,
          "target_fg": null,
          "target_og": null,
          "ebc": null,
          "srm": null,
          "ph": null,
          "attenuation_level": null,
          "volume": Object {},
          "boil_volume": Object {},
          "method": Object {},
          "ingredients": Object {},
          "food_pairing": Array [],
          "brewers_tips": null,
          "contributed_by": null,
        },
        Immutable.BeerDataRecord {
          "id": 31,
          "name": null,
          "tagline": null,
          "first_brewed": null,
          "description": null,
          "image_url": null,
          "abv": null,
          "ibu": null,
          "target_fg": null,
          "target_og": null,
          "ebc": null,
          "srm": null,
          "ph": null,
          "attenuation_level": null,
          "volume": Object {},
          "boil_volume": Object {},
          "method": Object {},
          "ingredients": Object {},
          "food_pairing": Array [],
          "brewers_tips": null,
          "contributed_by": null,
        },
      ]
    }
  />
  <FavoritePagination
    isNextDisabled={true}
    isPrevDisabled={false}
    onUserClick={[Function]}
  />
</Fragment>
`;
